// Vitest Snapshot v1, https://vitest.dev/guide/snapshot.html

exports[`createCombinations > should create combinations for mixed types 1`] = `
[
  Map {
    "a" => 1,
    "b" => 1,
    "c" => 1,
  },
  Map {
    "a" => 2,
    "b" => 1,
    "c" => 1,
  },
  Map {
    "a" => 3,
    "b" => 1,
    "c" => 1,
  },
  Map {
    "a" => 4,
    "b" => 1,
    "c" => 1,
  },
  Map {
    "a" => 1,
    "b" => 2,
    "c" => 1,
  },
  Map {
    "a" => 2,
    "b" => 2,
    "c" => 1,
  },
  Map {
    "a" => 3,
    "b" => 2,
    "c" => 1,
  },
  Map {
    "a" => 4,
    "b" => 2,
    "c" => 1,
  },
  Map {
    "a" => 1,
    "b" => 3,
    "c" => 1,
  },
  Map {
    "a" => 2,
    "b" => 3,
    "c" => 1,
  },
  Map {
    "a" => 3,
    "b" => 3,
    "c" => 1,
  },
  Map {
    "a" => 4,
    "b" => 3,
    "c" => 1,
  },
  Map {
    "a" => 1,
    "b" => 4,
    "c" => 1,
  },
  Map {
    "a" => 2,
    "b" => 4,
    "c" => 1,
  },
  Map {
    "a" => 3,
    "b" => 4,
    "c" => 1,
  },
  Map {
    "a" => 4,
    "b" => 4,
    "c" => 1,
  },
  Map {
    "a" => 1,
    "b" => 1,
    "c" => 2,
  },
  Map {
    "a" => 2,
    "b" => 1,
    "c" => 2,
  },
  Map {
    "a" => 3,
    "b" => 1,
    "c" => 2,
  },
  Map {
    "a" => 4,
    "b" => 1,
    "c" => 2,
  },
  Map {
    "a" => 1,
    "b" => 2,
    "c" => 2,
  },
  Map {
    "a" => 2,
    "b" => 2,
    "c" => 2,
  },
  Map {
    "a" => 3,
    "b" => 2,
    "c" => 2,
  },
  Map {
    "a" => 4,
    "b" => 2,
    "c" => 2,
  },
  Map {
    "a" => 1,
    "b" => 3,
    "c" => 2,
  },
  Map {
    "a" => 2,
    "b" => 3,
    "c" => 2,
  },
  Map {
    "a" => 3,
    "b" => 3,
    "c" => 2,
  },
  Map {
    "a" => 4,
    "b" => 3,
    "c" => 2,
  },
  Map {
    "a" => 1,
    "b" => 4,
    "c" => 2,
  },
  Map {
    "a" => 2,
    "b" => 4,
    "c" => 2,
  },
  Map {
    "a" => 3,
    "b" => 4,
    "c" => 2,
  },
  Map {
    "a" => 4,
    "b" => 4,
    "c" => 2,
  },
  Map {
    "a" => 1,
    "b" => 1,
    "c" => 3,
  },
  Map {
    "a" => 2,
    "b" => 1,
    "c" => 3,
  },
  Map {
    "a" => 3,
    "b" => 1,
    "c" => 3,
  },
  Map {
    "a" => 4,
    "b" => 1,
    "c" => 3,
  },
  Map {
    "a" => 1,
    "b" => 2,
    "c" => 3,
  },
  Map {
    "a" => 2,
    "b" => 2,
    "c" => 3,
  },
  Map {
    "a" => 3,
    "b" => 2,
    "c" => 3,
  },
  Map {
    "a" => 4,
    "b" => 2,
    "c" => 3,
  },
  Map {
    "a" => 1,
    "b" => 3,
    "c" => 3,
  },
  Map {
    "a" => 2,
    "b" => 3,
    "c" => 3,
  },
  Map {
    "a" => 3,
    "b" => 3,
    "c" => 3,
  },
  Map {
    "a" => 4,
    "b" => 3,
    "c" => 3,
  },
  Map {
    "a" => 1,
    "b" => 4,
    "c" => 3,
  },
  Map {
    "a" => 2,
    "b" => 4,
    "c" => 3,
  },
  Map {
    "a" => 3,
    "b" => 4,
    "c" => 3,
  },
  Map {
    "a" => 4,
    "b" => 4,
    "c" => 3,
  },
  Map {
    "a" => 1,
    "b" => 1,
    "c" => 4,
  },
  Map {
    "a" => 2,
    "b" => 1,
    "c" => 4,
  },
  Map {
    "a" => 3,
    "b" => 1,
    "c" => 4,
  },
  Map {
    "a" => 4,
    "b" => 1,
    "c" => 4,
  },
  Map {
    "a" => 1,
    "b" => 2,
    "c" => 4,
  },
  Map {
    "a" => 2,
    "b" => 2,
    "c" => 4,
  },
  Map {
    "a" => 3,
    "b" => 2,
    "c" => 4,
  },
  Map {
    "a" => 4,
    "b" => 2,
    "c" => 4,
  },
  Map {
    "a" => 1,
    "b" => 3,
    "c" => 4,
  },
  Map {
    "a" => 2,
    "b" => 3,
    "c" => 4,
  },
  Map {
    "a" => 3,
    "b" => 3,
    "c" => 4,
  },
  Map {
    "a" => 4,
    "b" => 3,
    "c" => 4,
  },
  Map {
    "a" => 1,
    "b" => 4,
    "c" => 4,
  },
  Map {
    "a" => 2,
    "b" => 4,
    "c" => 4,
  },
  Map {
    "a" => 3,
    "b" => 4,
    "c" => 4,
  },
  Map {
    "a" => 4,
    "b" => 4,
    "c" => 4,
  },
]
`;
